[html.ditsolution.net/royella/index.html]
[backblue.gif]
[fade.gif]
[index.html]
[html.ditsolution.net/royella/assets/images/fav-icon/icon.png]
[html.ditsolution.net/royella/assets/css/bootstrap.min.css]
[html.ditsolution.net/royella/assets/css/owl.carousel.min.css]
[html.ditsolution.net/royella/assets/css/animate.css]
[html.ditsolution.net/royella/assets/css/animated-text.css]
[html.ditsolution.net/royella/assets/css/all.min.css]
[html.ditsolution.net/royella/assets/css/flaticon.css]
[html.ditsolution.net/royella/assets/css/theme-default.css]
[html.ditsolution.net/royella/assets/css/meanmenu.min.css]
[html.ditsolution.net/royella/assets/css/owl.transitions.css]
[html.ditsolution.net/royella/venobox/venobox.css]
[html.ditsolution.net/royella/assets/css/bootstrap-icons.css]
[html.ditsolution.net/royella/assets/css/style.css]
[html.ditsolution.net/royella/assets/css/responsive.css]
[html.ditsolution.net/royella/assets/css/scrollCue.css]
[html.ditsolution.net/royella/assets/css/dark.css]
[html.ditsolution.net/royella/assets/js/vendor/modernizr-3.5.0.min.js]
[html.ditsolution.net/royella/assets/images/home-1/logo-1.png]
[html.ditsolution.net/royella/index-2.html]
[html.ditsolution.net/royella/index-3.html]
[html.ditsolution.net/royella/index-4.html]
[html.ditsolution.net/royella/index-5.html]
[html.ditsolution.net/royella/index-6.html]
[html.ditsolution.net/royella/landing.html]
[html.ditsolution.net/royella/landing-2.html]
[html.ditsolution.net/royella/landing-3.html]
[html.ditsolution.net/royella/landing-4.html]
[html.ditsolution.net/royella/landing-5.html]
[html.ditsolution.net/royella/landing-6.html]
[html.ditsolution.net/royella/rtl.html]
[html.ditsolution.net/royella/about.html]
[html.ditsolution.net/royella/room.html]
[html.ditsolution.net/royella/find-room.html]
[html.ditsolution.net/royella/room-details.html]
[html.ditsolution.net/royella/service.html]
[html.ditsolution.net/royella/services-details.html]
[html.ditsolution.net/royella/team.html]
[html.ditsolution.net/royella/pricing.html]
[html.ditsolution.net/royella/blog.html]
[html.ditsolution.net/royella/blog-details.html]
[html.ditsolution.net/royella/contact.html]
[html.ditsolution.net/royella/assets/images/home-1/section-shape1.png]
[html.ditsolution.net/royella/assets/images/home-1/room-1.jpg]
[html.ditsolution.net/royella/assets/images/home-1/room-bottom-icon.png]
[html.ditsolution.net/royella/assets/images/home-1/room-2.jpg]
[html.ditsolution.net/royella/assets/images/home-1/room-3.jpg]
[html.ditsolution.net/royella/assets/images/home-1/about-thumb.png]
[html.ditsolution.net/royella/assets/images/home-1/about-thumb-2.jpg]
[html.ditsolution.net/royella/assets/images/home-1/feature-1.png]
[html.ditsolution.net/royella/assets/images/home-1/feature-2.png]
[html.ditsolution.net/royella/assets/images/home-1/feature-3.png]
[html.ditsolution.net/royella/assets/images/home-1/feature-4.png]
[html.ditsolution.net/royella/assets/images/home-1/feature-5.png]
[html.ditsolution.net/royella/assets/images/home-1/call-do-action-img.png]
[html.ditsolution.net/royella/assets/images/home-1/facilities-thumb-1.jpg]
[html.ditsolution.net/royella/assets/images/home-1/facilities-thumb-2.jpg]
[html.ditsolution.net/royella/assets/images/home-1/facilities-thumb-3.jpg]
[html.ditsolution.net/royella/assets/images/home-1/facilities-thumb-4.jpg]
[html.ditsolution.net/royella/assets/images/home-1/offers-1.jpg]
[html.ditsolution.net/royella/assets/images/home-1/offers-2.jpg]
[html.ditsolution.net/royella/assets/images/home-1/offers-3.jpg]
[html.ditsolution.net/royella/room-details]
[html.ditsolution.net/royella/assets/images/home-1/offers-4.jpg]
[html.ditsolution.net/royella/assets/images/home-1/testi-quote.png]
[html.ditsolution.net/royella/assets/images/home-1/testi-author.png]
[html.ditsolution.net/royella/assets/images/home-1/testi-author-2.png]
[html.ditsolution.net/royella/assets/images/home-1/blog-1.jpg]
[html.ditsolution.net/royella/blog-details]
[html.ditsolution.net/royella/assets/images/home-1/blog-2.jpg]
[html.ditsolution.net/royella/assets/images/home-1/blog-3.jpg]
[html.ditsolution.net/royella/assets/images/home-1/brand-1.png]
[html.ditsolution.net/royella/assets/images/home-1/brand-2.png]
[html.ditsolution.net/royella/assets/images/home-1/brand-3.png]
[html.ditsolution.net/royella/assets/images/home-1/gallery-1.jpg]
[html.ditsolution.net/royella/assets/images/home-1/gallery-2.jpg]
[html.ditsolution.net/royella/assets/images/home-1/gallery-3.jpg]
[html.ditsolution.net/royella/assets/images/home-1/gallery-4.jpg]
[html.ditsolution.net/royella/assets/images/home-1/gallery-5.jpg]
[html.ditsolution.net/royella/assets/images/home-1/gallery-6.jpg]
[html.ditsolution.net/royella/assets/js/vendor/jquery-3.6.2.min.js]
[html.ditsolution.net/royella/assets/js/popper.min.js]
[html.ditsolution.net/royella/assets/js/bootstrap.min.js]
[html.ditsolution.net/royella/assets/js/owl.carousel.min.js]
[html.ditsolution.net/royella/assets/js/jquery.counterup.min.js]
[html.ditsolution.net/royella/assets/js/waypoints.min.js]
[html.ditsolution.net/royella/assets/js/wow.js]
[html.ditsolution.net/royella/assets/js/imagesloaded.pkgd.min.js]
[html.ditsolution.net/royella/venobox/venobox.js]
[html.ditsolution.net/royella/assets/js/animated-text.js]
[html.ditsolution.net/royella/venobox/venobox.min.js]
[html.ditsolution.net/royella/assets/js/isotope.pkgd.min.js]
[html.ditsolution.net/royella/assets/js/jquery.meanmenu.js]
[html.ditsolution.net/royella/assets/js/jquery.scrollUp.js]
[html.ditsolution.net/royella/assets/js/theme.js]
[html.ditsolution.net/royella/assets/js/coustom.js]
[html.ditsolution.net/royella/assets/js/jquery.barfiller.js]
[html.ditsolution.net/royella/assets/js/scrollCue.min.js]
[html.ditsolution.net/royella/index.html]
[html.ditsolution.net/royella/assets/css/bootstrap.min.css]
[html.ditsolution.net/royella/assets/css/owl.video.play.png]
[html.ditsolution.net/royella/assets/css/owl.carousel.min.css]
[html.ditsolution.net/royella/assets/css/animate.css]
[html.ditsolution.net/royella/assets/css/animated-text.css]
[html.ditsolution.net/royella/assets/webfonts/fa-brands-400.eot]
[html.ditsolution.net/royella/assets/webfonts/fa-brands-400.woff2]
[html.ditsolution.net/royella/assets/webfonts/fa-brands-400d41d.eot]
[html.ditsolution.net/royella/assets/webfonts/fa-brands-400.woff]
[html.ditsolution.net/royella/assets/webfonts/fa-brands-400.ttf]
[html.ditsolution.net/royella/assets/webfonts/fa-brands-400.svg]
[html.ditsolution.net/royella/assets/webfonts/fa-regular-400.eot]
[html.ditsolution.net/royella/assets/webfonts/fa-regular-400d41d.eot]
[html.ditsolution.net/royella/assets/webfonts/fa-regular-400.woff2]
[html.ditsolution.net/royella/assets/webfonts/fa-regular-400.woff]
[html.ditsolution.net/royella/assets/webfonts/fa-regular-400.ttf]
[html.ditsolution.net/royella/assets/webfonts/fa-regular-400.svg]
[html.ditsolution.net/royella/assets/webfonts/fa-solid-900.eot]
[html.ditsolution.net/royella/assets/webfonts/fa-solid-900d41d.eot]
[html.ditsolution.net/royella/assets/webfonts/fa-solid-900.woff2]
[html.ditsolution.net/royella/assets/webfonts/fa-solid-900.woff]
[html.ditsolution.net/royella/assets/webfonts/fa-solid-900.ttf]
[html.ditsolution.net/royella/assets/css/all.min.css]
[html.ditsolution.net/royella/assets/webfonts/fa-solid-900.svg]
[html.ditsolution.net/royella/assets/fonts/Flaticon.eot]
[html.ditsolution.net/royella/assets/fonts/Flaticond41dd41d.eot]
[html.ditsolution.net/royella/assets/fonts/Flaticon.woff2]
[html.ditsolution.net/royella/assets/fonts/Flaticon.woff]
[html.ditsolution.net/royella/assets/fonts/Flaticon.ttf]
[html.ditsolution.net/royella/assets/css/flaticon.css]
[html.ditsolution.net/royella/assets/css/theme-default.css]
[html.ditsolution.net/royella/assets/css/meanmenu.min.css]
[html.ditsolution.net/royella/assets/css/owl.transitions.css]
[html.ditsolution.net/royella/assets/fonts/Flaticon.svg]
[html.ditsolution.net/royella/venobox/preload-circle.png]
[html.ditsolution.net/royella/venobox/close.gif]
[html.ditsolution.net/royella/venobox/prev.gif]
[html.ditsolution.net/royella/venobox/next.gif]
[html.ditsolution.net/royella/venobox/venobox.css]
[html.ditsolution.net/royella/assets/css/fonts/bootstrap-iconsd862.woff2]
[html.ditsolution.net/royella/assets/css/fonts/bootstrap-iconsd862.woff]
[html.ditsolution.net/royella/assets/css/bootstrap-icons.css]
[html.ditsolution.net/royella/assets/images/home-1/hero-bg.jpg]
[html.ditsolution.net/royella/assets/images/home-1/hero-bg2.jpg]
[html.ditsolution.net/royella/assets/images/home-1/section-shape2.png]
[html.ditsolution.net/royella/assets/images/home-1/feature-imgs-1.jpg]
[html.ditsolution.net/royella/assets/images/home-1/call-do-action-bg.jpg]
[html.ditsolution.net/royella/assets/images/home-1/testi-bg.jpg]
[html.ditsolution.net/royella/assets/images/home2/hero-bg.jpg]
[html.ditsolution.net/royella/assets/images/home2/testi-shape.png]
[html.ditsolution.net/royella/assets/images/home2/box-shape.png]
[html.ditsolution.net/royella/assets/images/home2/subscribe-bg.jpg]
[html.ditsolution.net/royella/assets/images/home3/hero-bg.jpg]
[html.ditsolution.net/royella/assets/images/home3/hero-bg-2.jpg]
[html.ditsolution.net/royella/assets/images/home3/hero-bg-3.jpg]
[html.ditsolution.net/royella/assets/images/home3/footer-bg.jpg]
[html.ditsolution.net/royella/assets/images/home4/hero-bg.jpg]
[html.ditsolution.net/royella/assets/images/home4/vedio-bg.jpg]
[html.ditsolution.net/royella/assets/images/home4/shape.png]
[html.ditsolution.net/royella/assets/images/home4/event-bg-1.jpg]
[html.ditsolution.net/royella/assets/images/home4/event-bg-2.jpg]
[html.ditsolution.net/royella/assets/images/home4/event-bg-3.jpg]
[html.ditsolution.net/royella/assets/images/home4/subscribe-bg.jpg]
[html.ditsolution.net/royella/assets/images/home4/shape-2.png]
[html.ditsolution.net/royella/assets/images/home5/hero-bg.jpg]
[html.ditsolution.net/royella/assets/images/home5/video-bg.jpg]
[html.ditsolution.net/royella/assets/images/home5/blog-2.jpg]
[html.ditsolution.net/royella/assets/images/home5/blog-3.jpg]
[html.ditsolution.net/royella/assets/images/home6/hero-bg.jpg]
[html.ditsolution.net/royella/assets/images/home6/hero-bg-2.png]
[html.ditsolution.net/royella/assets/images/home6/hero-bg-3.png]
[html.ditsolution.net/royella/assets/images/home6/hero-bg-4.png]
[html.ditsolution.net/royella/assets/images/home6/hero-dot1.jpg]
[html.ditsolution.net/royella/assets/images/home6/hero-dot2.jpg]
[html.ditsolution.net/royella/assets/images/home6/hero-dot3.jpg]
[html.ditsolution.net/royella/assets/images/home6/hero-dot4.jpg]
[html.ditsolution.net/royella/assets/images/home6/location-img.jpg]
[html.ditsolution.net/royella/assets/images/home6/gallery-bg.jpg]
[html.ditsolution.net/royella/assets/images/home6/testimonial-bg.jpg]
[html.ditsolution.net/royella/assets/images/home6/subscribe-bg.jpg]
[html.ditsolution.net/royella/assets/images/home6/footer-bg.jpg]
[html.ditsolution.net/royella/assets/images/inner/breadcumb.jpg]
[html.ditsolution.net/royella/assets/images/inner/call-do-action.jpg]
[html.ditsolution.net/royella/assets/css/style.css]
[html.ditsolution.net/royella/assets/css/responsive.css]
[html.ditsolution.net/royella/assets/css/scrollCue.css]
[html.ditsolution.net/royella/assets/images/home-1/dark-img.jpg]
[html.ditsolution.net/royella/assets/images/home4/event-dark-1.jpg]
[html.ditsolution.net/royella/assets/images/home4/event-dark-2.jpg]
[html.ditsolution.net/royella/assets/images/home4/event-dark-3.jpg]
[html.ditsolution.net/royella/assets/images/home6/testi-dark-bg.jpg]
[html.ditsolution.net/royella/assets/images/home6/subscribe-dark-bg.jpg]
[html.ditsolution.net/royella/assets/css/dark.css]
[html.ditsolution.net/royella/assets/js/vendor/modernizr-3.5.0.min.js]
[html.ditsolution.net/royella/assets/images/home2/logo.png]
[html.ditsolution.net/royella/assets/images/home2/offer1.png]
[html.ditsolution.net/royella/assets/images/home2/offer2.png]
[html.ditsolution.net/royella/assets/images/home2/facilities-icon1.png]
[html.ditsolution.net/royella/assets/images/home2/facilities-icon2.png]
[html.ditsolution.net/royella/assets/images/home2/facilities-icon3.png]
[html.ditsolution.net/royella/assets/images/home2/places-1.png]
[html.ditsolution.net/royella/assets/images/home2/places-2.png]
[html.ditsolution.net/royella/assets/images/home2/places-3.png]
[html.ditsolution.net/royella/assets/images/home2/room-1.jpg]
[html.ditsolution.net/royella/assets/images/home2/room-2.jpg]
[html.ditsolution.net/royella/assets/images/home2/room-3.jpg]
[html.ditsolution.net/royella/assets/images/home2/testi-author1.jpg]
[html.ditsolution.net/royella/assets/images/home2/testi-author2.jpg]
[html.ditsolution.net/royella/assets/images/home2/blog-1.jpg]
[html.ditsolution.net/royella/assets/images/home2/blog-2.jpg]
[html.ditsolution.net/royella/assets/images/home2/blog-3.jpg]
[html.ditsolution.net/royella/assets/images/home2/footer-logo.png]
[html.ditsolution.net/royella/assets/images/home2/gallery-1.jpg]
[html.ditsolution.net/royella/assets/images/home2/gallery-2.jpg]
[html.ditsolution.net/royella/assets/images/home2/gallery-3.jpg]
[html.ditsolution.net/royella/assets/images/home2/gallery-4.jpg]
[html.ditsolution.net/royella/assets/images/home2/gallery-5.jpg]
[html.ditsolution.net/royella/index-2.html]
[html.ditsolution.net/royella/assets/images/home2/gallery-6.jpg]
[html.ditsolution.net/royella/assets/images/home3/logo.png]
[html.ditsolution.net/royella/assets/images/home3/logo-2.png]
[html.ditsolution.net/royella/assets/images/home3/login.png]
[html.ditsolution.net/royella/assets/images/home3/about-us.png]
[html.ditsolution.net/royella/assets/images/home3/about-list-item.png]
[html.ditsolution.net/royella/assets/images/home3/about-author.png]
[html.ditsolution.net/royella/assets/images/home3/room-1.jpg]
[html.ditsolution.net/royella/assets/images/home3/room-2.jpg]
[html.ditsolution.net/royella/assets/images/home3/offer-1.jpg]
[html.ditsolution.net/royella/assets/images/home3/offer-2.jpg]
[html.ditsolution.net/royella/assets/images/home3/offer-3.jpg]
[html.ditsolution.net/royella/assets/images/home3/offer-4.jpg]
[html.ditsolution.net/royella/assets/images/home3/testi-thumb-1.png]
[html.ditsolution.net/royella/assets/images/home3/testi-thumb-2.png]
[html.ditsolution.net/royella/assets/images/home3/testi-thumb-3.png]
[html.ditsolution.net/royella/assets/images/home3/testi-thumb-4.png]
[html.ditsolution.net/royella/assets/images/home3/facilities-icon-1.png]
[html.ditsolution.net/royella/assets/images/home3/facilities-icon-2.png]
[html.ditsolution.net/royella/assets/images/home3/facilities-icon-3.png]
[html.ditsolution.net/royella/assets/images/home3/facilities-icon-4.png]
[html.ditsolution.net/royella/assets/images/home3/facilities-icon-5.png]
[html.ditsolution.net/royella/assets/images/home3/facilities-icon-6.png]
[html.ditsolution.net/royella/assets/images/home3/contact-thumb.jpg]
[html.ditsolution.net/royella/assets/images/home3/blog-1.jpg]
[html.ditsolution.net/royella/assets/images/home3/blog-2.jpg]
[html.ditsolution.net/royella/assets/images/home3/blog-3.jpg]
[html.ditsolution.net/royella/index-3.html]
[html.ditsolution.net/royella/assets/images/home4/logo.png]
[html.ditsolution.net/royella/assets/images/home4/room-1.jpg]
[html.ditsolution.net/royella/assets/images/home4/room-2.jpg]
[html.ditsolution.net/royella/assets/images/home4/room-3.jpg]
[html.ditsolution.net/royella/assets/images/home4/offer-1.jpg]
[html.ditsolution.net/royella/assets/images/home4/offer-2.jpg]
[html.ditsolution.net/royella/assets/images/home4/offer-3.jpg]
[html.ditsolution.net/royella/assets/images/home4/testi-thumb.png]
[html.ditsolution.net/royella/index-4.html]
[html.ditsolution.net/royella/assets/images/home5/logo.png]
[html.ditsolution.net/royella/assets/images/home5/logo-2.png]
[html.ditsolution.net/royella/find-room.row]
[html.ditsolution.net/royella/assets/images/home5/section-sahpe.png]
[html.ditsolution.net/royella/assets/images/home5/about-thumb.png]
[html.ditsolution.net/royella/assets/images/home5/service-1.jpg]
[html.ditsolution.net/royella/assets/images/home5/service-2.jpg]
[html.ditsolution.net/royella/assets/images/home5/service-3.jpg]
[html.ditsolution.net/royella/assets/images/home5/service-4.jpg]
[html.ditsolution.net/royella/assets/images/home5/service-5.jpg]
[html.ditsolution.net/royella/assets/images/home5/testi-1.jpg]
[html.ditsolution.net/royella/assets/images/home5/testi-2.jpg]
[html.ditsolution.net/royella/assets/images/home5/testi-3.jpg]
[html.ditsolution.net/royella/assets/images/home5/blog-1.jpg]
[html.ditsolution.net/royella/assets/images/home5/gallery-1.jpg]
[html.ditsolution.net/royella/assets/images/home5/gallery-2.jpg]
[html.ditsolution.net/royella/assets/images/home5/gallery-3.jpg]
[html.ditsolution.net/royella/assets/images/home5/gallery-4.jpg]
[html.ditsolution.net/royella/assets/images/home5/gallery-5.jpg]
[html.ditsolution.net/royella/assets/images/home5/footer-gallery-1.jpg]
[html.ditsolution.net/royella/assets/images/home5/footer-gallery-2.jpg]
[html.ditsolution.net/royella/assets/images/home5/footer-gallery-3.jpg]
[html.ditsolution.net/royella/index-5.html]
[html.ditsolution.net/royella/assets/images/home6/logo.png]
[html.ditsolution.net/royella/index]
[html.ditsolution.net/royella/assets/images/home6/booking-icon.png]
[html.ditsolution.net/royella/assets/images/home6/booking-icon2.png]
[html.ditsolution.net/royella/assets/images/home6/about-thumb.png]
[html.ditsolution.net/royella/assets/images/home6/room-1.jpg]
[html.ditsolution.net/royella/assets/images/home6/room-icon-1.png]
[html.ditsolution.net/royella/assets/images/home6/room-icon-2.png]
[html.ditsolution.net/royella/assets/images/home6/room-icon-3.png]
[html.ditsolution.net/royella/assets/images/home6/room-2.jpg]
[html.ditsolution.net/royella/assets/images/home6/room-3.jpg]
[html.ditsolution.net/royella/assets/images/home6/testi-thumb.png]
[html.ditsolution.net/royella/assets/images/home6/facilities-icon1.png]
[html.ditsolution.net/royella/assets/images/home6/facilities-icon2.png]
[html.ditsolution.net/royella/assets/images/home6/facilities-icon3.png]
[html.ditsolution.net/royella/assets/images/home6/facilities-icon4.png]
[html.ditsolution.net/royella/assets/images/home6/blog-1.jpg]
[html.ditsolution.net/royella/assets/images/home6/blog-2.jpg]
[html.ditsolution.net/royella/assets/images/home6/blog-3.jpg]
[html.ditsolution.net/royella/assets/images/home6/gallery-2.png]
[html.ditsolution.net/royella/assets/images/home6/gallery-1.png]
[html.ditsolution.net/royella/index-6.html]
[html.ditsolution.net/royella/landing.html]
[html.ditsolution.net/royella/landing-2.html]
[html.ditsolution.net/royella/landing-3.html]
[html.ditsolution.net/royella/landing-4.html]
[html.ditsolution.net/royella/landing-5.html]
[html.ditsolution.net/royella/landing-6.html]
[html.ditsolution.net/royella/assets/css/rtl.css]
[html.ditsolution.net/royella/rtl.html]
[html.ditsolution.net/royella/assets/images/inner/logo.png]
[html.ditsolution.net/royella/assets/images/inner/about-thumb.jpg]
[html.ditsolution.net/royella/assets/images/team/team-1.jpg]
[html.ditsolution.net/royella/assets/images/team/team-2.jpg]
[html.ditsolution.net/royella/assets/images/team/team-3.jpg]
[html.ditsolution.net/royella/assets/images/inner/testi-quote.png]
[html.ditsolution.net/royella/assets/images/inner/testi-inner-1.png]
[html.ditsolution.net/royella/assets/images/inner/testi-inner-2.png]
[html.ditsolution.net/royella/assets/images/inner/testi-inner-3.png]
[html.ditsolution.net/royella/about.html]
[html.ditsolution.net/royella/assets/images/home-1/room-4.jpg]
[html.ditsolution.net/royella/assets/images/home-1/room-5.jpg]
[html.ditsolution.net/royella/assets/images/home-1/room-6.jpg]
[html.ditsolution.net/royella/assets/images/inner/faciliies-icon.png]
[html.ditsolution.net/royella/assets/images/inner/facilities-1.jpg]
[html.ditsolution.net/royella/assets/images/inner/facilities-2.jpg]
[html.ditsolution.net/royella/assets/images/inner/facilities-3.jpg]
[html.ditsolution.net/royella/room.html]
[html.ditsolution.net/royella/find-room.html]
[html.ditsolution.net/royella/assets/images/inner/room-details-1.jpg]
[html.ditsolution.net/royella/assets/images/inner/room-details-2.jpg]
[html.ditsolution.net/royella/assets/images/inner/room-details-1.png]
[html.ditsolution.net/royella/assets/images/inner/room-details-2.png]
[html.ditsolution.net/royella/assets/images/inner/room-amenities-1.png]
[html.ditsolution.net/royella/assets/images/inner/room-amenities-2.png]
[html.ditsolution.net/royella/assets/images/inner/room-amenities-3.png]
[html.ditsolution.net/royella/assets/images/inner/room-amenities-4.png]
[html.ditsolution.net/royella/assets/images/inner/room-amenities-5.png]
[html.ditsolution.net/royella/assets/images/inner/room-amenities-6.png]
[html.ditsolution.net/royella/room-details.html]
[html.ditsolution.net/royella/service.html]
[html.ditsolution.net/royella/assets/images/inner/service-details.jpg]
[html.ditsolution.net/royella/assets/images/inner/food-1.jpg]
[html.ditsolution.net/royella/assets/images/inner/food-2.jpg]
[html.ditsolution.net/royella/assets/images/inner/food-3.jpg]
[html.ditsolution.net/royella/assets/images/inner/food-4.jpg]
[html.ditsolution.net/royella/services-details.html]
[html.ditsolution.net/royella/assets/images/team/team-4.jpg]
[html.ditsolution.net/royella/assets/images/team/team-5.jpg]
[html.ditsolution.net/royella/assets/images/team/team-6.jpg]
[html.ditsolution.net/royella/team.html]
[html.ditsolution.net/royella/assets/images/inner/pricing-1.jpg]
[html.ditsolution.net/royella/assets/images/inner/pricing-2.jpg]
[html.ditsolution.net/royella/assets/images/inner/pricing-3.jpg]
[html.ditsolution.net/royella/pricing.html]
[html.ditsolution.net/royella/assets/images/home-1/blog-4.jpg]
[html.ditsolution.net/royella/blog]
[html.ditsolution.net/royella/assets/images/home-1/blog-5.jpg]
[html.ditsolution.net/royella/assets/images/home-1/blog-6.jpg]
[html.ditsolution.net/royella/assets/images/inner/details-post-1.jpg]
[html.ditsolution.net/royella/assets/images/inner/details-post-2.jpg]
[html.ditsolution.net/royella/assets/images/inner/details-post-3.jpg]
[html.ditsolution.net/royella/blog.html]
[html.ditsolution.net/royella/assets/images/inner/blog-details.jpg]
[html.ditsolution.net/royella/assets/images/inner/blog-details-2.jpg]
[html.ditsolution.net/royella/assets/images/inner/blog-details-3.jpg]
[html.ditsolution.net/royella/assets/images/inner/blog-related-1.jpg]
[html.ditsolution.net/royella/assets/images/inner/blog-related-2.jpg]
[html.ditsolution.net/royella/assets/images/inner/blog-details-author-1.png]
[html.ditsolution.net/royella/assets/images/inner/blog-details-author-2.png]
[html.ditsolution.net/royella/blog-details.html]
[html.ditsolution.net/royella/contact.html]
[html.ditsolution.net/royella/room-details-2.html]
[html.ditsolution.net/royella/blog-details-2.html]
[html.ditsolution.net/royella/assets/js/vendor/jquery-3.6.2.min.js]
[html.ditsolution.net/royella/assets/js/popper.min.js]
[html.ditsolution.net/royella/assets/js/bootstrap.min.js]
[html.ditsolution.net/royella/assets/js/owl.carousel.min.js]
[html.ditsolution.net/royella/assets/js/jquery.counterup.min.js]
[html.ditsolution.net/royella/assets/js/waypoints.min.js]
[html.ditsolution.net/royella/assets/js/wow.js]
[html.ditsolution.net/royella/assets/js/imagesloaded.pkgd.min.js]
[html.ditsolution.net/royella/venobox/venobox.js]
[html.ditsolution.net/royella/assets/js/animated-text.js]
[html.ditsolution.net/royella/venobox/venobox.min.js]
[html.ditsolution.net/royella/assets/js/isotope.pkgd.min.js]
[html.ditsolution.net/royella/assets/js/jquery.meanmenu.js]
[html.ditsolution.net/royella/assets/js/jquery.scrollUp.js]
[html.ditsolution.net/royella/assets/js/theme.js]
[html.ditsolution.net/royella/assets/js/coustom.js]
[html.ditsolution.net/royella/assets/js/jquery.barfiller.js]
[html.ditsolution.net/royella/assets/js/scrollCue.min.js]
[html.ditsolution.net/royella/assets/css/owl.video.play.html]
[html.ditsolution.net/royella/assets/webfonts/fa-brands-400.svg]
[html.ditsolution.net/royella/assets/webfonts/fa-regular-400.svg]
[html.ditsolution.net/royella/assets/webfonts/fa-solid-900.svg]
[html.ditsolution.net/royella/assets/fonts/Flaticond41dd41d.html]
[html.ditsolution.net/royella/assets/fonts/Flaticon.svg]
[html.ditsolution.net/royella/find-room-2.html]
[html.ditsolution.net/royella/index-7.html]
[html.ditsolution.net/royella/assets/css/rtl.css]
[html.ditsolution.net/royella/blog-2.html]
